{
  "firstName": "Mark",
  "lastName": "Twain",
  "classGrades": null
}